24-10-14.23:56:03.376 [main            ] INFO  LogicChainTest         - Starting LogicChainTest using Java 1.8.0_281 on leeseemonster with PID 13268 (started by 程力骁 in D:\work\big-market\big-market\big-market-app)
24-10-14.23:56:03.378 [main            ] INFO  LogicChainTest         - The following 1 profile is active: "dev"
24-10-14.23:56:04.213 [main            ] INFO  RepositoryConfigurationDelegate - Multiple Spring Data modules found, entering strict repository configuration mode
24-10-14.23:56:04.216 [main            ] INFO  RepositoryConfigurationDelegate - Bootstrapping Spring Data Redis repositories in DEFAULT mode.
24-10-14.23:56:04.249 [main            ] INFO  RepositoryConfigurationDelegate - Finished Spring Data repository scanning in 16 ms. Found 0 Redis repository interfaces.
24-10-14.23:56:05.848 [main            ] INFO  Version                - Redisson 3.23.4
24-10-14.23:56:06.657 [redisson-netty-2-4] INFO  MasterPubSubConnectionPool - 1 connections initialized for 127.0.0.1/127.0.0.1:16379
24-10-14.23:56:06.673 [redisson-netty-2-13] INFO  MasterConnectionPool   - 5 connections initialized for 127.0.0.1/127.0.0.1:16379
24-10-14.23:56:08.089 [main            ] INFO  EndpointLinksResolver  - Exposing 1 endpoint(s) beneath base path '/actuator'
24-10-14.23:56:08.158 [main            ] INFO  LogicChainTest         - Started LogicChainTest in 5.136 seconds (JVM running for 5.858)
24-10-14.23:56:08.744 [main            ] INFO  HikariDataSource       - HikariPool-1 - Starting...
24-10-14.23:56:09.621 [main            ] INFO  HikariDataSource       - HikariPool-1 - Start completed.
24-10-14.23:56:09.698 [main            ] INFO  LogicChainTest         - 测试结果：true
24-10-14.23:56:09.769 [main            ] INFO  LogicChainTest         - 测试结果：true
24-10-14.23:56:09.819 [main            ] INFO  LogicChainTest         - 测试结果：true
24-10-14.23:56:09.857 [SpringApplicationShutdownHook] INFO  HikariDataSource       - HikariPool-1 - Shutdown initiated...
24-10-14.23:56:09.888 [SpringApplicationShutdownHook] INFO  HikariDataSource       - HikariPool-1 - Shutdown completed.
24-10-14.23:56:42.867 [main            ] INFO  LogicChainTest         - Starting LogicChainTest using Java 1.8.0_281 on leeseemonster with PID 31640 (started by 程力骁 in D:\work\big-market\big-market\big-market-app)
24-10-14.23:56:42.868 [main            ] INFO  LogicChainTest         - The following 1 profile is active: "dev"
24-10-14.23:56:43.589 [main            ] INFO  RepositoryConfigurationDelegate - Multiple Spring Data modules found, entering strict repository configuration mode
24-10-14.23:56:43.592 [main            ] INFO  RepositoryConfigurationDelegate - Bootstrapping Spring Data Redis repositories in DEFAULT mode.
24-10-14.23:56:43.619 [main            ] INFO  RepositoryConfigurationDelegate - Finished Spring Data repository scanning in 14 ms. Found 0 Redis repository interfaces.
24-10-14.23:56:45.335 [main            ] INFO  Version                - Redisson 3.23.4
24-10-14.23:56:46.268 [redisson-netty-2-5] INFO  MasterPubSubConnectionPool - 1 connections initialized for 127.0.0.1/127.0.0.1:16379
24-10-14.23:56:46.282 [redisson-netty-2-13] INFO  MasterConnectionPool   - 5 connections initialized for 127.0.0.1/127.0.0.1:16379
24-10-14.23:56:48.160 [main            ] INFO  EndpointLinksResolver  - Exposing 1 endpoint(s) beneath base path '/actuator'
24-10-14.23:56:48.391 [main            ] INFO  LogicChainTest         - Started LogicChainTest in 5.888 seconds (JVM running for 6.657)
24-10-14.23:57:13.413 [main            ] INFO  HikariDataSource       - HikariPool-1 - Starting...
24-10-14.23:57:14.179 [main            ] INFO  HikariDataSource       - HikariPool-1 - Start completed.
24-10-14.23:57:14.284 [main            ] INFO  LogicChainTest         - 测试结果：true
24-10-14.23:57:21.121 [main            ] INFO  LogicChainTest         - 测试结果：true
24-10-14.23:57:32.738 [main            ] INFO  LogicChainTest         - 测试结果：true
24-10-14.23:58:44.240 [HikariPool-1 housekeeper] WARN  HikariPool             - HikariPool-1 - Thread starvation or clock leap detected (housekeeper delta=1m29s950ms210µs600ns).
24-10-14.23:58:44.285 [SpringApplicationShutdownHook] INFO  HikariDataSource       - HikariPool-1 - Shutdown initiated...
24-10-14.23:58:44.308 [SpringApplicationShutdownHook] INFO  HikariDataSource       - HikariPool-1 - Shutdown completed.
24-10-14.23:59:16.677 [main            ] INFO  LogicChainTest         - Starting LogicChainTest using Java 1.8.0_281 on leeseemonster with PID 23804 (started by 程力骁 in D:\work\big-market\big-market\big-market-app)
24-10-14.23:59:16.679 [main            ] INFO  LogicChainTest         - The following 1 profile is active: "dev"
24-10-14.23:59:17.321 [main            ] INFO  RepositoryConfigurationDelegate - Multiple Spring Data modules found, entering strict repository configuration mode
24-10-14.23:59:17.323 [main            ] INFO  RepositoryConfigurationDelegate - Bootstrapping Spring Data Redis repositories in DEFAULT mode.
24-10-14.23:59:17.345 [main            ] INFO  RepositoryConfigurationDelegate - Finished Spring Data repository scanning in 12 ms. Found 0 Redis repository interfaces.
24-10-14.23:59:18.786 [main            ] INFO  Version                - Redisson 3.23.4
24-10-14.23:59:19.710 [redisson-netty-2-4] INFO  MasterPubSubConnectionPool - 1 connections initialized for 127.0.0.1/127.0.0.1:16379
24-10-14.23:59:19.725 [redisson-netty-2-13] INFO  MasterConnectionPool   - 5 connections initialized for 127.0.0.1/127.0.0.1:16379
24-10-14.23:59:20.989 [main            ] INFO  EndpointLinksResolver  - Exposing 1 endpoint(s) beneath base path '/actuator'
24-10-14.23:59:21.043 [main            ] INFO  LogicChainTest         - Started LogicChainTest in 4.664 seconds (JVM running for 5.328)
24-10-14.23:59:21.538 [main            ] INFO  HikariDataSource       - HikariPool-1 - Starting...
24-10-14.23:59:22.453 [main            ] INFO  HikariDataSource       - HikariPool-1 - Start completed.
24-10-14.23:59:22.513 [main            ] INFO  LogicChainTest         - 测试结果：true
24-10-14.23:59:22.516 [main            ] INFO  LogicChainTest         - 测试结果：true
24-10-14.23:59:22.520 [main            ] INFO  LogicChainTest         - 测试结果：true
24-10-14.23:59:22.523 [main            ] INFO  RuleWeightLogicChain   - 抽奖责任链-权重开始 userId:  strategyId: 100001 ruleModel: rule_weight
24-10-14.23:59:22.540 [main            ] INFO  RuleWeightLogicChain   - 抽奖责任链-权重放行 userId:  strategyId: 100001 ruleModel: rule_weight
24-10-14.23:59:22.540 [main            ] INFO  BlackListLogicChain    - 抽奖责任链-黑名单开始 userId:  strategyId: 100001 ruleModel: rule_blacklist
24-10-14.23:59:22.543 [main            ] INFO  BlackListLogicChain    - 抽奖责任链-黑名单放行 userId:  strategyId: 100001 ruleModel: rule_blacklist
24-10-14.23:59:22.545 [main            ] INFO  DefaultLogicChain      - 抽奖责任链-默认处理 userId:  strategyId: 100001 ruleModel: default awardId: 105
24-10-14.23:59:22.545 [main            ] INFO  LogicChainTest         - 测试结果：105
24-10-14.23:59:22.613 [main            ] INFO  LogicChainTest         - 测试结果：true
24-10-14.23:59:22.617 [main            ] INFO  LogicChainTest         - 测试结果：true
24-10-14.23:59:22.621 [main            ] INFO  LogicChainTest         - 测试结果：true
24-10-14.23:59:22.664 [main            ] INFO  LogicChainTest         - 测试结果：true
24-10-14.23:59:22.669 [main            ] INFO  LogicChainTest         - 测试结果：true
24-10-14.23:59:22.674 [main            ] INFO  LogicChainTest         - 测试结果：true
24-10-14.23:59:22.675 [main            ] INFO  RuleWeightLogicChain   - 抽奖责任链-权重开始 userId: xiaofuge strategyId: 100001 ruleModel: rule_weight
24-10-14.23:59:22.723 [SpringApplicationShutdownHook] INFO  HikariDataSource       - HikariPool-1 - Shutdown initiated...
24-10-14.23:59:22.734 [SpringApplicationShutdownHook] INFO  HikariDataSource       - HikariPool-1 - Shutdown completed.
