24-10-27.00:11:16.122 [main            ] INFO  RaffleStrategyTest     - Starting RaffleStrategyTest using Java 1.8.0_281 on leeseemonster with PID 20156 (started by 程力骁 in D:\work\big-market\big-market\big-market-app)
24-10-27.00:11:16.123 [main            ] INFO  RaffleStrategyTest     - The following 1 profile is active: "dev"
24-10-27.00:11:17.253 [main            ] INFO  RepositoryConfigurationDelegate - Multiple Spring Data modules found, entering strict repository configuration mode
24-10-27.00:11:17.256 [main            ] INFO  RepositoryConfigurationDelegate - Bootstrapping Spring Data Redis repositories in DEFAULT mode.
24-10-27.00:11:17.291 [main            ] INFO  RepositoryConfigurationDelegate - Finished Spring Data repository scanning in 19 ms. Found 0 Redis repository interfaces.
24-10-27.00:11:19.274 [main            ] INFO  Version                - Redisson 3.23.4
24-10-27.00:11:20.147 [redisson-netty-2-4] INFO  MasterPubSubConnectionPool - 1 connections initialized for 127.0.0.1/127.0.0.1:16379
24-10-27.00:11:20.168 [redisson-netty-2-13] INFO  MasterConnectionPool   - 5 connections initialized for 127.0.0.1/127.0.0.1:16379
24-10-27.00:11:21.701 [main            ] INFO  EndpointLinksResolver  - Exposing 1 endpoint(s) beneath base path '/actuator'
24-10-27.00:11:21.761 [main            ] INFO  RaffleStrategyTest     - Started RaffleStrategyTest in 6.252 seconds (JVM running for 11.428)
24-10-27.00:11:22.443 [main            ] INFO  HikariDataSource       - HikariPool-1 - Starting...
24-10-27.00:11:23.283 [main            ] INFO  HikariDataSource       - HikariPool-1 - Start completed.
24-10-27.00:11:23.347 [main            ] INFO  RaffleStrategyTest     - 测试结果：true
24-10-27.00:11:23.366 [main            ] INFO  RaffleStrategyTest     - 测试结果：true
24-10-27.00:11:23.377 [main            ] INFO  DefaultLogicChain      - 抽奖责任链-默认处理 userId: leesee strategyId: 100006 ruleModel: rule_default awardId: 102
24-10-27.00:11:23.379 [main            ] INFO  AbstractRaffleStrategy - 抽奖策略计算-责任链 leesee 100006 102 rule_default
24-10-27.00:11:23.393 [main            ] INFO  DecisionTreeEngine     - 决策树引擎【规则树】treeId:tree_lock node:rule_lock code:0000
24-10-27.00:11:23.394 [main            ] INFO  DecisionTreeEngine     - 决策树引擎【规则树】treeId:tree_lock node:rule_stock code:0001
24-10-27.00:11:23.395 [main            ] INFO  DecisionTreeEngine     - 决策树引擎【规则树】treeId:tree_lock node:rule_luck_award code:0001
24-10-27.00:11:23.395 [main            ] INFO  AbstractRaffleStrategy - 抽奖策略计算-规则树 leesee 100006 101 1,100
24-10-27.00:11:23.561 [main            ] INFO  RaffleStrategyTest     - 请求参数：{"strategyId":100006,"userId":"leesee"}
24-10-27.00:11:23.563 [main            ] INFO  RaffleStrategyTest     - 测试结果：{"awardConfig":"1,100","awardId":102,"strategyId":100006}
24-10-27.00:11:23.595 [SpringApplicationShutdownHook] INFO  HikariDataSource       - HikariPool-1 - Shutdown initiated...
24-10-27.00:11:23.618 [SpringApplicationShutdownHook] INFO  HikariDataSource       - HikariPool-1 - Shutdown completed.
